// Jest Snapshot v1, https://goo.gl/fbAQLP

exports[`Overview should render without props 1`] = `ShallowWrapper {}`;

exports[`matches the overview snapshot 1`] = `
<div
  className="container"
>
  <div
    className="overview-container row"
  >
    <div
      className="col-lg-8 col-md-6 col-12"
      s={12}
    />
    <div
      className="col-lg-4 col-md-6 col-12"
      s={12}
    />
  </div>
</div>
`;
